// Jest Snapshot v1, https://goo.gl/fbAQLP

exports[`matches snapshot of single page of elements 1`] = `
ShallowWrapper {
  Symbol(enzyme.__root__): [Circular],
  Symbol(enzyme.__unrendered__): <TabbedList>
    <div>
      Element 1
    </div>
    <div>
      Element 2
    </div>
    <div>
      Element 3
    </div>
    <div>
      Element 4
    </div>
  </TabbedList>,
  Symbol(enzyme.__renderer__): Object {
    "batchedUpdates": [Function],
    "getNode": [Function],
    "render": [Function],
    "simulateError": [Function],
    "simulateEvent": [Function],
    "unmount": [Function],
  },
  Symbol(enzyme.__node__): Object {
    "instance": null,
    "key": undefined,
    "nodeType": "host",
    "props": Object {
      "children": Array [
        <div
          className="center"
        />,
        <WithStyles(GridList)
          cellHeight="auto"
          cols={4}
        >
          <WithStyles(Component)>
            <div>
              Element 1
            </div>
          </WithStyles(Component)>
          <WithStyles(Component)>
            <div>
              Element 2
            </div>
          </WithStyles(Component)>
          <WithStyles(Component)>
            <div>
              Element 3
            </div>
          </WithStyles(Component)>
          <WithStyles(Component)>
            <div>
              Element 4
            </div>
          </WithStyles(Component)>
        </WithStyles(GridList)>,
      ],
      "className": "panel",
    },
    "ref": null,
    "rendered": Array [
      Object {
        "instance": null,
        "key": undefined,
        "nodeType": "host",
        "props": Object {
          "children": false,
          "className": "center",
        },
        "ref": null,
        "rendered": false,
        "type": "div",
      },
      Object {
        "instance": null,
        "key": undefined,
        "nodeType": "class",
        "props": Object {
          "cellHeight": "auto",
          "children": Array [
            <WithStyles(Component)>
              <div>
                Element 1
              </div>
            </WithStyles(Component)>,
            <WithStyles(Component)>
              <div>
                Element 2
              </div>
            </WithStyles(Component)>,
            <WithStyles(Component)>
              <div>
                Element 3
              </div>
            </WithStyles(Component)>,
            <WithStyles(Component)>
              <div>
                Element 4
              </div>
            </WithStyles(Component)>,
          ],
          "cols": 4,
        },
        "ref": null,
        "rendered": Array [
          Object {
            "instance": null,
            "key": "0",
            "nodeType": "class",
            "props": Object {
              "children": <div>
                Element 1
              </div>,
            },
            "ref": null,
            "rendered": Object {
              "instance": null,
              "key": undefined,
              "nodeType": "host",
              "props": Object {
                "children": "Element 1",
              },
              "ref": null,
              "rendered": "Element 1",
              "type": "div",
            },
            "type": [Function],
          },
          Object {
            "instance": null,
            "key": "1",
            "nodeType": "class",
            "props": Object {
              "children": <div>
                Element 2
              </div>,
            },
            "ref": null,
            "rendered": Object {
              "instance": null,
              "key": undefined,
              "nodeType": "host",
              "props": Object {
                "children": "Element 2",
              },
              "ref": null,
              "rendered": "Element 2",
              "type": "div",
            },
            "type": [Function],
          },
          Object {
            "instance": null,
            "key": "2",
            "nodeType": "class",
            "props": Object {
              "children": <div>
                Element 3
              </div>,
            },
            "ref": null,
            "rendered": Object {
              "instance": null,
              "key": undefined,
              "nodeType": "host",
              "props": Object {
                "children": "Element 3",
              },
              "ref": null,
              "rendered": "Element 3",
              "type": "div",
            },
            "type": [Function],
          },
          Object {
            "instance": null,
            "key": "3",
            "nodeType": "class",
            "props": Object {
              "children": <div>
                Element 4
              </div>,
            },
            "ref": null,
            "rendered": Object {
              "instance": null,
              "key": undefined,
              "nodeType": "host",
              "props": Object {
                "children": "Element 4",
              },
              "ref": null,
              "rendered": "Element 4",
              "type": "div",
            },
            "type": [Function],
          },
        ],
        "type": [Function],
      },
    ],
    "type": "div",
  },
  Symbol(enzyme.__nodes__): Array [
    Object {
      "instance": null,
      "key": undefined,
      "nodeType": "host",
      "props": Object {
        "children": Array [
          <div
            className="center"
          />,
          <WithStyles(GridList)
            cellHeight="auto"
            cols={4}
          >
            <WithStyles(Component)>
              <div>
                Element 1
              </div>
            </WithStyles(Component)>
            <WithStyles(Component)>
              <div>
                Element 2
              </div>
            </WithStyles(Component)>
            <WithStyles(Component)>
              <div>
                Element 3
              </div>
            </WithStyles(Component)>
            <WithStyles(Component)>
              <div>
                Element 4
              </div>
            </WithStyles(Component)>
          </WithStyles(GridList)>,
        ],
        "className": "panel",
      },
      "ref": null,
      "rendered": Array [
        Object {
          "instance": null,
          "key": undefined,
          "nodeType": "host",
          "props": Object {
            "children": false,
            "className": "center",
          },
          "ref": null,
          "rendered": false,
          "type": "div",
        },
        Object {
          "instance": null,
          "key": undefined,
          "nodeType": "class",
          "props": Object {
            "cellHeight": "auto",
            "children": Array [
              <WithStyles(Component)>
                <div>
                  Element 1
                </div>
              </WithStyles(Component)>,
              <WithStyles(Component)>
                <div>
                  Element 2
                </div>
              </WithStyles(Component)>,
              <WithStyles(Component)>
                <div>
                  Element 3
                </div>
              </WithStyles(Component)>,
              <WithStyles(Component)>
                <div>
                  Element 4
                </div>
              </WithStyles(Component)>,
            ],
            "cols": 4,
          },
          "ref": null,
          "rendered": Array [
            Object {
              "instance": null,
              "key": "0",
              "nodeType": "class",
              "props": Object {
                "children": <div>
                  Element 1
                </div>,
              },
              "ref": null,
              "rendered": Object {
                "instance": null,
                "key": undefined,
                "nodeType": "host",
                "props": Object {
                  "children": "Element 1",
                },
                "ref": null,
                "rendered": "Element 1",
                "type": "div",
              },
              "type": [Function],
            },
            Object {
              "instance": null,
              "key": "1",
              "nodeType": "class",
              "props": Object {
                "children": <div>
                  Element 2
                </div>,
              },
              "ref": null,
              "rendered": Object {
                "instance": null,
                "key": undefined,
                "nodeType": "host",
                "props": Object {
                  "children": "Element 2",
                },
                "ref": null,
                "rendered": "Element 2",
                "type": "div",
              },
              "type": [Function],
            },
            Object {
              "instance": null,
              "key": "2",
              "nodeType": "class",
              "props": Object {
                "children": <div>
                  Element 3
                </div>,
              },
              "ref": null,
              "rendered": Object {
                "instance": null,
                "key": undefined,
                "nodeType": "host",
                "props": Object {
                  "children": "Element 3",
                },
                "ref": null,
                "rendered": "Element 3",
                "type": "div",
              },
              "type": [Function],
            },
            Object {
              "instance": null,
              "key": "3",
              "nodeType": "class",
              "props": Object {
                "children": <div>
                  Element 4
                </div>,
              },
              "ref": null,
              "rendered": Object {
                "instance": null,
                "key": undefined,
                "nodeType": "host",
                "props": Object {
                  "children": "Element 4",
                },
                "ref": null,
                "rendered": "Element 4",
                "type": "div",
              },
              "type": [Function],
            },
          ],
          "type": [Function],
        },
      ],
      "type": "div",
    },
  ],
  Symbol(enzyme.__options__): Object {
    "adapter": ReactSixteenAdapter {
      "options": Object {
        "enableComponentDidUpdateOnSetState": true,
        "lifecycles": Object {
          "componentDidUpdate": Object {
            "onSetState": true,
          },
          "getDerivedStateFromProps": true,
          "getSnapshotBeforeUpdate": true,
          "setState": Object {
            "skipsComponentDidUpdateOnNullish": true,
          },
        },
      },
    },
  },
}
`;
